<?xml version="1.0" encoding="UTF-8"?>
<TestRun id="5cb1d3f0-bac3-4406-bb01-5b3cd758b15e" name="leitand@C197214 2012-02-28 12:42:59" runUser="STATCAN\leitand" xmlns="http://microsoft.com/schemas/VisualStudio/TeamTest/2010">
  <TestSettings name="Local" id="f6b9cdfa-8002-4092-9be6-5ced691a8b54">
    <Description>These are default test settings for a local test run.</Description>
    <Deployment userDeploymentRoot="C:\Users\leitand\Documents\personal\OCClient\TestResults" useDefaultDeploymentRoot="false" enabled="false" runDeploymentRoot="leitand_C197214 2012-02-28 12_42_59">
      <DeploymentItem filename="C:\Users\leitand\Documents\personal\OCClient\ClassLibrary1\bin\Debug\OrangeCloudClient.dll" />
    </Deployment>
    <Execution>
      <TestTypeSpecific />
      <AgentRule name="Execution Agents">
      </AgentRule>
    </Execution>
  </TestSettings>
  <Times creation="2012-02-28T12:42:59.3670970-05:00" queuing="2012-02-28T12:42:59.7235195-05:00" start="2012-02-28T12:42:59.7703915-05:00" finish="2012-02-28T12:43:14.0204560-05:00" />
  <ResultSummary outcome="Failed">
    <Counters total="1" executed="1" error="0" failed="1" timeout="0" aborted="0" inconclusive="0" passedButRunAborted="0" notRunnable="0" notExecuted="0" disconnected="0" warning="0" passed="0" completed="0" inProgress="0" pending="0" />
  </ResultSummary>
  <TestDefinitions>
    <UnitTest name="TestMethod1" storage="c:\users\leitand\documents\personal\occlient\cloudtests\bin\debug\cloudtests.dll" id="c4354811-6397-a698-a918-4c08213e596e">
      <Execution id="0bc55643-9eba-4e51-9187-045f81275dea" />
      <TestMethod codeBase="C:/Users/leitand/Documents/personal/OCClient/CloudTests/bin/Debug/CloudTests.DLL" adapterTypeName="Microsoft.VisualStudio.TestTools.TestTypes.Unit.UnitTestAdapter, Microsoft.VisualStudio.QualityTools.Tips.UnitTest.Adapter, Version=10.0.0.0, Culture=neutral, PublicKeyToken=b03f5f7f11d50a3a" className="CloudTests.UnitTest1, CloudTests, Version=1.0.0.0, Culture=neutral, PublicKeyToken=null" name="TestMethod1" />
    </UnitTest>
  </TestDefinitions>
  <TestLists>
    <TestList name="Results Not in a List" id="8c84fa94-04c1-424b-9868-57a2d4851a1d" />
    <TestList name="All Loaded Results" id="19431567-8539-422a-85d7-44ee4e166bda" />
  </TestLists>
  <TestEntries>
    <TestEntry testId="c4354811-6397-a698-a918-4c08213e596e" executionId="0bc55643-9eba-4e51-9187-045f81275dea" testListId="8c84fa94-04c1-424b-9868-57a2d4851a1d" />
  </TestEntries>
  <Results>
    <UnitTestResult executionId="0bc55643-9eba-4e51-9187-045f81275dea" testId="c4354811-6397-a698-a918-4c08213e596e" testName="TestMethod1" computerName="C197214" duration="00:00:13.9079047" startTime="2012-02-28T12:42:59.7869920-05:00" endTime="2012-02-28T12:43:13.9872550-05:00" testType="13cdc9d9-ddb5-4fa4-a97d-d965ccfc6d4b" outcome="Failed" testListId="8c84fa94-04c1-424b-9868-57a2d4851a1d" relativeResultsDirectory="0bc55643-9eba-4e51-9187-045f81275dea">
      <Output>
        <StdOut>No meta data found, starting fresh.
Repo creation: 00:00:00.0292950
Error getting file: \test.txt : 0 (The remote server returned an error: (503) Server Unavailable.)
Add: \test.txt: No response from server at 12:43:01 PM.  Will try again later
Error getting file listing
Repo creation: 00:00:00
Error getting file listing
Repo creation: 00:00:00
Error getting file: \test.txt : 0 (The remote server returned an error: (503) Server Unavailable.)
Add: \test.txt: No response from server at 12:43:13 PM.  Will try again later
Error getting file listing
Repo creation: 00:00:00
Error getting file listing</StdOut>
        <ErrorInfo>
          <Message>Assert.IsTrue failed. Client1 has no record in metadata of: \test.txt</Message>
          <StackTrace>   at CloudTests.UnitTest1.TestMethod1() in C:\Users\leitand\Documents\personal\OCClient\CloudTests\UnitTest1.cs:line 49
</StackTrace>
        </ErrorInfo>
      </Output>
    </UnitTestResult>
  </Results>
</TestRun>